  正在确定要还原的项目…
  所有项目均是最新的，无法还原。
  ClassroomToolkit.Domain -> E:\PythonProject\ClassroomToolkit\src\ClassroomToolkit.Domain\bin\Debug\net8.0\ClassroomToolkit.Domain.dll
  ClassroomToolkit.Interop -> E:\PythonProject\ClassroomToolkit\src\ClassroomToolkit.Interop\bin\Debug\net8.0-windows\ClassroomToolkit.Interop.dll
  ClassroomToolkit.Services -> E:\PythonProject\ClassroomToolkit\src\ClassroomToolkit.Services\bin\Debug\net8.0-windows\ClassroomToolkit.Services.dll
  ClassroomToolkit.Infra -> E:\PythonProject\ClassroomToolkit\src\ClassroomToolkit.Infra\bin\Debug\net8.0\ClassroomToolkit.Infra.dll
  ClassroomToolkit.Tests -> E:\PythonProject\ClassroomToolkit\tests\ClassroomToolkit.Tests\bin\Debug\net8.0-windows\ClassroomToolkit.Tests.dll
E:\PythonProject\ClassroomToolkit\src\ClassroomToolkit.App\Paint\PaintOverlayWindow.xaml.cs(18,31): error CS0234: 命名空间“ClassroomToolkit.Domain”中不存在类型或命名空间名“Paint”(是否缺少程序集引用?) [E:\PythonProject\ClassroomToolkit\src\ClassroomToolkit.App\ClassroomToolkit.App_heup2reg_wpftmp.csproj]
E:\PythonProject\ClassroomToolkit\src\ClassroomToolkit.App\RollCallWindow.xaml.cs(14,7): warning CS0105: “System.Media”的 using 指令以前在此命名空间中出现过 [E:\PythonProject\ClassroomToolkit\src\ClassroomToolkit.App\ClassroomToolkit.App_heup2reg_wpftmp.csproj]
E:\PythonProject\ClassroomToolkit\src\ClassroomToolkit.App\RollCallWindow.xaml.cs(15,7): warning CS0105: “System.Speech.Synthesis”的 using 指令以前在此命名空间中出现过 [E:\PythonProject\ClassroomToolkit\src\ClassroomToolkit.App\ClassroomToolkit.App_heup2reg_wpftmp.csproj]
E:\PythonProject\ClassroomToolkit\src\ClassroomToolkit.App\RollCallWindow.xaml.cs(18,31): error CS0234: 命名空间“ClassroomToolkit.Domain”中不存在类型或命名空间名“RollCall”(是否缺少程序集引用?) [E:\PythonProject\ClassroomToolkit\src\ClassroomToolkit.App\ClassroomToolkit.App_heup2reg_wpftmp.csproj]
E:\PythonProject\ClassroomToolkit\src\ClassroomToolkit.App\RollCallWindow.xaml.cs(427,6): error CS0601: The DllImport attribute must be specified on a method marked 'static' and 'extern' [E:\PythonProject\ClassroomToolkit\src\ClassroomToolkit.App\ClassroomToolkit.App_heup2reg_wpftmp.csproj]
E:\PythonProject\ClassroomToolkit\src\ClassroomToolkit.App\Paint\PaintOverlayWindow.xaml.cs(154,13): error CS0246: 未能找到类型或命名空间名“IBrushRenderer”(是否缺少 using 指令或程序集引用?) [E:\PythonProject\ClassroomToolkit\src\ClassroomToolkit.App\ClassroomToolkit.App_heup2reg_wpftmp.csproj]
E:\PythonProject\ClassroomToolkit\src\ClassroomToolkit.App\Paint\PaintOverlayWindow.xaml.cs(231,13): error CS0246: 未能找到类型或命名空间名“PdfDocumentHost”(是否缺少 using 指令或程序集引用?) [E:\PythonProject\ClassroomToolkit\src\ClassroomToolkit.App\ClassroomToolkit.App_heup2reg_wpftmp.csproj]

生成失败。

E:\PythonProject\ClassroomToolkit\src\ClassroomToolkit.App\RollCallWindow.xaml.cs(14,7): warning CS0105: “System.Media”的 using 指令以前在此命名空间中出现过 [E:\PythonProject\ClassroomToolkit\src\ClassroomToolkit.App\ClassroomToolkit.App_heup2reg_wpftmp.csproj]
E:\PythonProject\ClassroomToolkit\src\ClassroomToolkit.App\RollCallWindow.xaml.cs(15,7): warning CS0105: “System.Speech.Synthesis”的 using 指令以前在此命名空间中出现过 [E:\PythonProject\ClassroomToolkit\src\ClassroomToolkit.App\ClassroomToolkit.App_heup2reg_wpftmp.csproj]
E:\PythonProject\ClassroomToolkit\src\ClassroomToolkit.App\Paint\PaintOverlayWindow.xaml.cs(18,31): error CS0234: 命名空间“ClassroomToolkit.Domain”中不存在类型或命名空间名“Paint”(是否缺少程序集引用?) [E:\PythonProject\ClassroomToolkit\src\ClassroomToolkit.App\ClassroomToolkit.App_heup2reg_wpftmp.csproj]
E:\PythonProject\ClassroomToolkit\src\ClassroomToolkit.App\RollCallWindow.xaml.cs(18,31): error CS0234: 命名空间“ClassroomToolkit.Domain”中不存在类型或命名空间名“RollCall”(是否缺少程序集引用?) [E:\PythonProject\ClassroomToolkit\src\ClassroomToolkit.App\ClassroomToolkit.App_heup2reg_wpftmp.csproj]
E:\PythonProject\ClassroomToolkit\src\ClassroomToolkit.App\RollCallWindow.xaml.cs(427,6): error CS0601: The DllImport attribute must be specified on a method marked 'static' and 'extern' [E:\PythonProject\ClassroomToolkit\src\ClassroomToolkit.App\ClassroomToolkit.App_heup2reg_wpftmp.csproj]
E:\PythonProject\ClassroomToolkit\src\ClassroomToolkit.App\Paint\PaintOverlayWindow.xaml.cs(154,13): error CS0246: 未能找到类型或命名空间名“IBrushRenderer”(是否缺少 using 指令或程序集引用?) [E:\PythonProject\ClassroomToolkit\src\ClassroomToolkit.App\ClassroomToolkit.App_heup2reg_wpftmp.csproj]
E:\PythonProject\ClassroomToolkit\src\ClassroomToolkit.App\Paint\PaintOverlayWindow.xaml.cs(231,13): error CS0246: 未能找到类型或命名空间名“PdfDocumentHost”(是否缺少 using 指令或程序集引用?) [E:\PythonProject\ClassroomToolkit\src\ClassroomToolkit.App\ClassroomToolkit.App_heup2reg_wpftmp.csproj]
    2 个警告
    5 个错误

已用时间 00:00:01.80
