<?xml version="1.0" encoding="utf-8"?>
<TestRun id="e732eb2d-5cc7-4b74-9c8e-e7a783ad1e42" name="sciman@SCIMAN-HOME 2026-02-02 20:29:27" runUser="sciman-home\sciman" xmlns="http://microsoft.com/schemas/VisualStudio/TeamTest/2010">
  <Times creation="2026-02-02T20:29:27.6096718+08:00" queuing="2026-02-02T20:29:27.6096722+08:00" start="2026-02-02T20:29:26.2615995+08:00" finish="2026-02-02T20:29:27.6272775+08:00" />
  <TestSettings name="default" id="5af39839-2b08-4a02-8eb9-def8eed74d75">
    <Deployment runDeploymentRoot="sciman_SCIMAN-HOME_2026-02-02_20_29_27" />
  </TestSettings>
  <Results>
    <UnitTestResult executionId="a4f5d36d-5775-4459-849b-dc3b16005220" testId="e5a4057f-ecc1-f6f0-04db-30f5527c38ce" testName="ClassroomToolkit.Tests.PresentationControlServiceTests.WpsWheelForwardDisabled_ShouldSendWheel" computerName="SCIMAN-HOME" duration="00:00:00.0298128" startTime="2026-02-02T20:29:27.4752288+08:00" endTime="2026-02-02T20:29:27.4752445+08:00" testType="13cdc9d9-ddb5-4fa4-a97d-d965ccfc6d4b" outcome="Failed" testListId="8c84fa94-04c1-424b-9868-57a2d4851a1d" relativeResultsDirectory="a4f5d36d-5775-4459-849b-dc3b16005220">
      <Output>
        <ErrorInfo>
          <Message>Expected result to be true, but found False.</Message>
          <StackTrace>   at FluentAssertions.Execution.XUnit2TestFramework.Throw(String message)&#xD;
   at FluentAssertions.Execution.TestFrameworkProvider.Throw(String message)&#xD;
   at FluentAssertions.Execution.DefaultAssertionStrategy.HandleFailure(String message)&#xD;
   at FluentAssertions.Execution.AssertionScope.FailWith(Func`1 failReasonFunc)&#xD;
   at FluentAssertions.Execution.AssertionScope.FailWith(Func`1 failReasonFunc)&#xD;
   at FluentAssertions.Execution.AssertionScope.FailWith(String message, Object[] args)&#xD;
   at FluentAssertions.Primitives.BooleanAssertions`1.BeTrue(String because, Object[] becauseArgs)&#xD;
   at ClassroomToolkit.Tests.PresentationControlServiceTests.WpsWheelForwardDisabled_ShouldSendWheel() in E:\PythonProject\ClassroomToolkit\tests\ClassroomToolkit.Tests\PresentationControlServiceTests.cs:line 28&#xD;
   at System.RuntimeMethodHandle.InvokeMethod(Object target, Void** arguments, Signature sig, Boolean isConstructor)&#xD;
   at System.Reflection.MethodBaseInvoker.InvokeWithNoArgs(Object obj, BindingFlags invokeAttr)</StackTrace>
        </ErrorInfo>
      </Output>
    </UnitTestResult>
  </Results>
  <TestDefinitions>
    <UnitTest name="ClassroomToolkit.Tests.PresentationControlServiceTests.WpsWheelForwardDisabled_ShouldSendWheel" storage="e:\pythonproject\classroomtoolkit\tests\classroomtoolkit.tests\bin\debug\net8.0-windows\classroomtoolkit.tests.dll" id="e5a4057f-ecc1-f6f0-04db-30f5527c38ce">
      <Execution id="a4f5d36d-5775-4459-849b-dc3b16005220" />
      <TestMethod codeBase="E:\PythonProject\ClassroomToolkit\tests\ClassroomToolkit.Tests\bin\Debug\net8.0-windows\ClassroomToolkit.Tests.dll" adapterTypeName="executor://xunit/VsTestRunner2/netcoreapp" className="ClassroomToolkit.Tests.PresentationControlServiceTests" name="WpsWheelForwardDisabled_ShouldSendWheel" />
    </UnitTest>
  </TestDefinitions>
  <TestEntries>
    <TestEntry testId="e5a4057f-ecc1-f6f0-04db-30f5527c38ce" executionId="a4f5d36d-5775-4459-849b-dc3b16005220" testListId="8c84fa94-04c1-424b-9868-57a2d4851a1d" />
  </TestEntries>
  <TestLists>
    <TestList name="列表中未列出的结果" id="8c84fa94-04c1-424b-9868-57a2d4851a1d" />
    <TestList name="所有已加载的结果" id="19431567-8539-422a-85d7-44ee4e166bda" />
  </TestLists>
  <ResultSummary outcome="Failed">
    <Counters total="1" executed="1" passed="0" failed="1" error="0" timeout="0" aborted="0" inconclusive="0" passedButRunAborted="0" notRunnable="0" notExecuted="0" disconnected="0" warning="0" completed="0" inProgress="0" pending="0" />
    <Output>
      <StdOut>[xUnit.net 00:00:00.00] xUnit.net VSTest Adapter v2.4.5+1caef2f33e (64-bit .NET 8.0.23)&#xD;
[xUnit.net 00:00:00.73]   Discovering: ClassroomToolkit.Tests&#xD;
[xUnit.net 00:00:00.75]   Discovered:  ClassroomToolkit.Tests&#xD;
[xUnit.net 00:00:00.76]   Starting:    ClassroomToolkit.Tests&#xD;
[xUnit.net 00:00:00.82]       Expected result to be true, but found False.&#xD;
[xUnit.net 00:00:00.82]       Stack Trace:&#xD;
[xUnit.net 00:00:00.82]            at FluentAssertions.Execution.XUnit2TestFramework.Throw(String message)&#xD;
[xUnit.net 00:00:00.82]            at FluentAssertions.Execution.TestFrameworkProvider.Throw(String message)&#xD;
[xUnit.net 00:00:00.82]            at FluentAssertions.Execution.DefaultAssertionStrategy.HandleFailure(String message)&#xD;
[xUnit.net 00:00:00.82]            at FluentAssertions.Execution.AssertionScope.FailWith(Func`1 failReasonFunc)&#xD;
[xUnit.net 00:00:00.82]            at FluentAssertions.Execution.AssertionScope.FailWith(Func`1 failReasonFunc)&#xD;
[xUnit.net 00:00:00.82]            at FluentAssertions.Execution.AssertionScope.FailWith(String message, Object[] args)&#xD;
[xUnit.net 00:00:00.82]            at FluentAssertions.Primitives.BooleanAssertions`1.BeTrue(String because, Object[] becauseArgs)&#xD;
[xUnit.net 00:00:00.82]         E:\PythonProject\ClassroomToolkit\tests\ClassroomToolkit.Tests\PresentationControlServiceTests.cs(28,0): at ClassroomToolkit.Tests.PresentationControlServiceTests.WpsWheelForwardDisabled_ShouldSendWheel()&#xD;
[xUnit.net 00:00:00.82]            at System.RuntimeMethodHandle.InvokeMethod(Object target, Void** arguments, Signature sig, Boolean isConstructor)&#xD;
[xUnit.net 00:00:00.82]            at System.Reflection.MethodBaseInvoker.InvokeWithNoArgs(Object obj, BindingFlags invokeAttr)&#xD;
[xUnit.net 00:00:00.83]   Finished:    ClassroomToolkit.Tests&#xD;
</StdOut>
    </Output>
    <RunInfos>
      <RunInfo computerName="SCIMAN-HOME" outcome="Error" timestamp="2026-02-02T20:29:27.4727789+08:00">
        <Text>[xUnit.net 00:00:00.82]     ClassroomToolkit.Tests.PresentationControlServiceTests.WpsWheelForwardDisabled_ShouldSendWheel [FAIL]</Text>
      </RunInfo>
    </RunInfos>
  </ResultSummary>
</TestRun>